2026-08-17T08:00:01Z GET /api/users 200 143
2026-08-17T08:00:03Z GET /api/products 200 892
2026-08-17T08:00:05Z POST /api/users 201 231
2026-08-17T08:00:08Z GET /api/users/42 200 187
2026-08-17T08:00:11Z GET /api/products 200 914
2026-08-17T08:00:14Z GET /api/users 200 152
2026-08-17T08:00:18Z PUT /api/users/42 200 245
2026-08-17T08:00:21Z GET /api/orders 200 673
2026-08-17T08:00:24Z GET /api/products/15 200 1042
2026-08-17T08:00:27Z DELETE /api/users/15 204 0
2026-08-17T08:00:30Z GET /api/users 200 149
2026-08-17T08:00:33Z POST /api/orders 201 318
2026-08-17T08:00:36Z GET /api/orders/101 200 756
2026-08-17T08:00:39Z GET /api/products 200 876
2026-08-17T08:00:42Z GET /api/unknown 404 87
2026-08-17T08:00:45Z GET /api/users 200 155
2026-08-17T08:00:48Z POST /api/orders 400 192
2026-08-17T08:00:51Z GET /api/products 302 64
2026-08-17T08:00:54Z GET /api/products/22 200 1187
2026-08-17T08:00:57Z PATCH /api/users/7 200 276
INVALID LINE
2026-08-17T08:01:03Z GET /api/orders 200 691
2026-08-17T08:01:06Z GET /api/users/99 404 91
2026-08-17T08:01:09Z POST /api/products 201 407
2026-08-17T08:01:12Z GET /api/products 200 903
2026-08-17T08:01:15Z GET /api/users 200 161
2026-08-17T08:01:18Z DELETE /api/orders/101 204 0
2026-08-17T08:01:21Z GET /api/orders 200 728
2026-08-17T08:01:24Z GET /api/products 500 1204
2026-08-17T08:01:27Z PUT /api/products/22 INVALID 355
2026-08-17T08:01:30Z GET /api/users 200 147
2026-08-17T08:01:33Z POST /api/users 201 238
2026-08-17T08:01:36Z GET /api/orders 200 702
2026-08-17T08:01:39Z GET /api/products 301 71
2026-08-17T08:01:42Z GET /api/users 200 150
2026-08-17T08:01:45Z GET /api/products/15 200 1098
2026-08-17T08:01:48Z POST /api/orders 500 1543
2026-08-17T08:01:51Z GET /api/users 200 158
2026-08-17T08:01:54Z GET /api/orders/101 200 781
2026-08-17T08:01:57Z GET /api/users 200 146
2026-08-17T08:02:00Z PATCH /api/users/42 204 0
2026-08-17T08:02:03Z GET /api/products 200 921
2026-08-17T08:02:06Z GET /api/missing 404 83
2026-08-17T08:02:09Z GET /api/users 200 154
2026-08-17T08:02:12Z POST /api/products 201 429
2026-08-17T08:02:15Z GET /api/orders 200 715
2026-08-17T08:02:18Z GET /api/products 200 887
2026-08-17T08:02:21Z GET /api/users 200 151
2026-08-17T08:02:24Z DELETE /api/products/15 204 0
2026-08-17T08:02:27Z GET /api/products 200 934
2026-08-17T08:02:30Z GET /api/users/42 200 193
2026-08-17T08:02:33Z GET /api/orders 200 744
2026-08-17T08:02:36Z GET /api/products 200 899
2026-08-17T08:02:39Z GET /api/users 200 153
2026-08-17T08:02:42Z GET /api/orders/101 200 769
2026-08-17T08:02:45Z GET /api/products 200 910
2026-08-17T08:02:48Z GET /api/users 200 149
2026-08-17T08:02:51Z GET /api/products/22 200 1156
2026-08-17T08:02:54Z GET /api/users 200 157
2026-08-17T08:02:57Z GET /api/orders 200 688
